Analyzing money_tracker...                                      

  error - The named parameter 'uiLocalNotificationDateInterpretation' isn't defined - lib\main.dart:57:5 - undefined_named_parameter
  error - Undefined name 'UILocalNotificationDateInterpretation' - lib\main.dart:58:9 - undefined_identifier
  error - The named parameter 'isFirstRun' is required, but there's no corresponding argument - test\widget_test.dart:8:29 - missing_required_argument

